Copyright 1986-2018 Xilinx, Inc. All Rights Reserved.
--------------------------------------------------------------------------------------
| Tool Version : Vivado v.2018.3 (win64) Build 2405991 Thu Dec  6 23:38:27 MST 2018
| Date         : Wed Sep 25 01:39:50 2019
| Host         : HONS47 running 64-bit major release  (build 9200)
| Command      : report_control_sets -verbose -file top_level_control_sets_placed.rpt
| Design       : top_level
| Device       : xc7a35ti
--------------------------------------------------------------------------------------

Control Set Information

Table of Contents
-----------------
1. Summary
2. Histogram
3. Flip-Flop Distribution
4. Detailed Control Set Information

1. Summary
----------

+----------------------------------------------------------+-------+
|                          Status                          | Count |
+----------------------------------------------------------+-------+
| Number of unique control sets                            |    12 |
| Unused register locations in slices containing registers |    41 |
+----------------------------------------------------------+-------+


2. Histogram
------------

+--------+--------------+
| Fanout | Control Sets |
+--------+--------------+
|      6 |            1 |
|      7 |            4 |
|     10 |            3 |
|     14 |            1 |
|    16+ |            3 |
+--------+--------------+


3. Flip-Flop Distribution
-------------------------

+--------------+-----------------------+------------------------+-----------------+--------------+
| Clock Enable | Synchronous Set/Reset | Asynchronous Set/Reset | Total Registers | Total Slices |
+--------------+-----------------------+------------------------+-----------------+--------------+
| No           | No                    | No                     |              14 |           10 |
| No           | No                    | Yes                    |               0 |            0 |
| No           | Yes                   | No                     |              54 |           16 |
| Yes          | No                    | No                     |              23 |           19 |
| Yes          | No                    | Yes                    |               0 |            0 |
| Yes          | Yes                   | No                     |              44 |           12 |
+--------------+-----------------------+------------------------+-----------------+--------------+


4. Detailed Control Set Information
-----------------------------------

+------------------+--------------------------------------+--------------------------------------+------------------+----------------+
|   Clock Signal   |             Enable Signal            |           Set/Reset Signal           | Slice Load Count | Bel Load Count |
+------------------+--------------------------------------+--------------------------------------+------------------+----------------+
|  clock_IBUF_BUFG | kitt/lead[5]_i_1_n_0                 |                                      |                4 |              6 |
|  clock_IBUF_BUFG |                                      | led[14]_i_1_n_0                      |                3 |              7 |
|  clock_IBUF_BUFG | kitt/third/mult_count[9]_i_1__0_n_0  | kitt/third/count[6]_i_1__0_n_0       |                2 |              7 |
|  clock_IBUF_BUFG | kitt/last/sel                        | kitt/last/clear                      |                2 |              7 |
|  clock_IBUF_BUFG | kitt/second/mult_count[9]_i_1__1_n_0 | kitt/second/count[6]_i_1__1_n_0      |                2 |              7 |
|  clock_IBUF_BUFG |                                      | kitt/third/mult_count[9]_i_1__0_n_0  |                3 |             10 |
|  clock_IBUF_BUFG |                                      | kitt/last/sel                        |                3 |             10 |
|  clock_IBUF_BUFG |                                      | kitt/second/mult_count[9]_i_1__1_n_0 |                2 |             10 |
|  clock_IBUF_BUFG |                                      |                                      |               10 |             14 |
|  clock_IBUF_BUFG |                                      | hex_d/clear                          |                5 |             17 |
|  clock_IBUF_BUFG | btnC_IBUF                            |                                      |               15 |             17 |
|  clock_IBUF_BUFG | btnC_IBUF                            | kitt/count[23]_i_1_n_0               |                6 |             23 |
+------------------+--------------------------------------+--------------------------------------+------------------+----------------+


